


ARM Macro Assembler    Page 1 


    1 00000000                 AREA             RESET , DATA, READONLY ;the cod
                                                            e should be savedin
                                                             RAM
    2 00000000                 EXPORT           __Vectors
    3 00000000         
    4 00000000         __Vectors
    5 00000000 10001000        DCD              0X10001000  ;stack pointer valu
                                                            e stack is empty
    6 00000004 00000000        DCD              Reset_Handler ;reset vector
    7 00000008                 ALIGN
    8 00000008                 AREA             mycode , CODE, READONLY
    9 00000000                 ENTRY
   10 00000000                 EXPORT           Reset_Handler
   11 00000000         Reset_Handler                        ;till here info giv
                                                            en to compiler
   12 00000000 4804            LDR              R0, = SRC
   13 00000002 6801            LDR              R1,[R0]
   14 00000004 6842            LDR              R2,[R0,#4]
   15 00000006         STOP
   16 00000006 E7FE            B                STOP
   17 00000008 0000000A 
                       NUM     EQU              10
   18 00000008 00000008 
              00123456 
              020F76D3 SRC     DCD              8, 0X123456 ,34567891
   19 00000014                 END
              00000000 
Command Line: --debug --xref --cpu=Cortex-M3 --apcs=interwork --depend=pr.d -op
r.o -IC:\Keil\ARM\RV31\INC -IC:\Keil\ARM\CMSIS\Include -IC:\Keil\ARM\Inc\NXP\LP
C17xx --predefine="__EVAL SETA 1" --list=pr.lst pr.asm



ARM Macro Assembler    Page 1 Alphabetic symbol ordering
Relocatable symbols

RESET 00000000

Symbol: RESET
   Definitions
      At line 1 in file pr.asm
   Uses
      None
Comment: RESET unused
__Vectors 00000000

Symbol: __Vectors
   Definitions
      At line 4 in file pr.asm
   Uses
      At line 2 in file pr.asm
Comment: __Vectors used once
2 symbols



ARM Macro Assembler    Page 1 Alphabetic symbol ordering
Relocatable symbols

Reset_Handler 00000000

Symbol: Reset_Handler
   Definitions
      At line 11 in file pr.asm
   Uses
      At line 6 in file pr.asm
      At line 10 in file pr.asm

SRC 00000008

Symbol: SRC
   Definitions
      At line 18 in file pr.asm
   Uses
      At line 12 in file pr.asm
Comment: SRC used once
STOP 00000006

Symbol: STOP
   Definitions
      At line 15 in file pr.asm
   Uses
      At line 16 in file pr.asm
Comment: STOP used once
mycode 00000000

Symbol: mycode
   Definitions
      At line 8 in file pr.asm
   Uses
      None
Comment: mycode unused
4 symbols



ARM Macro Assembler    Page 1 Alphabetic symbol ordering
Absolute symbols

NUM 0000000A

Symbol: NUM
   Definitions
      At line 17 in file pr.asm
   Uses
      None
Comment: NUM unused
1 symbol
340 symbols in table
